// Jest Snapshot v1, https://goo.gl/fbAQLP

exports[`Test suite for the Profile component Should render a snapshot of the Profile component 1`] = `
<h2>
  My Missions
</h2>
`;
